[evolve] 20 pros, generation 0, 17 threads on 1 machine(s), 48 pairs × 5 rounds per generation
gen 0 | 0.1 min | champion A1 | race points by design: B 0.31 (3 wins)  A 0.31 (6 wins)  C 0.29 (5 wins)  E 0.28 (5 wins)  D 0.27 (5 wins) | rating: A 1000±0  B 1013±57  C 1013±57  D 1000±57  E 996±57
gen 1 | 5.5 min | champion B2 | race points by design: B 0.46 (14 wins)  A 0.45 (10 wins)  C 0.20 (0 wins)  D 0.17 (0 wins)  E 0.13 (0 wins)
gen 2 | 1.3 min | champion B2 | race points by design: B 0.40 (13 wins)  A 0.39 (9 wins)  C 0.21 (1 wins)  D 0.19 (1 wins)  E 0.17 (0 wins)
gen 3 | 0.9 min | champion B2 | race points by design: B 0.41 (15 wins)  A 0.38 (9 wins)  D 0.22 (0 wins)  E 0.19 (0 wins)  C 0.18 (0 wins) | replaced A2 → A4·2, B4 → B2·2
gen 4 | 1.1 min | champion A4·2 | race points by design: A 0.42 (14 wins)  B 0.39 (8 wins)  E 0.23 (2 wins)  D 0.20 (0 wins)  C 0.17 (0 wins) | replaced E3 → E4·2
gen 5 | 1.5 min | champion A4 | race points by design: A 0.41 (14 wins)  B 0.33 (5 wins)  E 0.32 (4 wins)  D 0.19 (1 wins)  C 0.17 (0 wins) | rating: A 1173±57  B 1075±55  C 781±59  D 723±63  E 959±57
[evolve] 20 pros, generation 5, 17 threads on 1 machine(s), 48 pairs × 5 rounds per generation
gen 6 | 1.3 min | champion A4 | race points by design: A 0.36 (13 wins)  E 0.34 (6 wins)  B 0.28 (1 wins)  D 0.24 (2 wins)  C 0.23 (2 wins) | replaced C2 → C4·2
gen 7 | 2.3 min | champion D4 | race points by design: E 0.33 (2 wins)  D 0.32 (9 wins)  A 0.32 (9 wins)  C 0.27 (3 wins)  B 0.26 (1 wins) | replaced D3 → D4·2, E1 → E2·2
gen 8 | 3.1 min | champion E4·2 | race points by design: E 0.61 (21 wins)  D 0.26 (2 wins)  B 0.25 (0 wins)  C 0.20 (1 wins)  A 0.20 (0 wins) | replaced B3 → B1·2, D2 → D1·2, E2 → E2·3
gen 9 | 4.3 min | champion E4 | race points by design: E 0.55 (17 wins)  D 0.33 (1 wins)  B 0.26 (0 wins)  C 0.22 (6 wins)  A 0.18 (0 wins)
gen 10 | 5.0 min | champion D1 | race points by design: E 0.49 (7 wins)  D 0.44 (13 wins)  B 0.26 (3 wins)  C 0.20 (1 wins)  A 0.18 (0 wins) | rating: A 1074±57  B 1143±55  C 1182±55  D 1228±57  E 1209±55 | replaced A3 → A1·2 | hall of fame: D1@10
gen 11 | 6.5 min | champion D1 | race points by design: E 0.44 (7 wins)  D 0.43 (11 wins)  A 0.26 (0 wins)  C 0.23 (6 wins)  B 0.20 (0 wins) | replaced B1·2 → B1·3, E2·3 → E2·4
gen 12 | 5.4 min | champion A4 | race points by design: E 0.41 (6 wins)  D 0.37 (5 wins)  A 0.32 (10 wins)  B 0.29 (2 wins)  C 0.18 (1 wins)
gen 13 | 6.5 min | champion E4 | race points by design: E 0.49 (18 wins)  D 0.36 (3 wins)  B 0.29 (1 wins)  A 0.25 (2 wins)  C 0.19 (0 wins)
gen 14 | 5.7 min | champion E4 | race points by design: E 0.45 (11 wins)  D 0.41 (10 wins)  A 0.29 (2 wins)  B 0.22 (1 wins)  C 0.21 (0 wins) | replaced C3 → C1·2
[evolve] 20 pros, generation 14, 17 threads on 1 machine(s), 48 pairs × 5 rounds per generation
gen 15 | 7.0 min | champion D4 | race points by design: D 0.39 (12 wins)  C 0.35 (2 wins)  E 0.32 (4 wins)  A 0.25 (6 wins)  B 0.25 (0 wins) | rating: A 1077±59  B 967±57  C 1027±57  D 1212±59  E 1077±57 | replaced D4·2 → D4·3
[evolve] 20 pros, generation 15, 17 threads on 1 machine(s), 48 pairs × 5 rounds per generation
gen 16 | 8.3 min | champion A4 | race points by design: D 0.36 (2 wins)  E 0.36 (7 wins)  C 0.34 (6 wins)  A 0.28 (9 wins)  B 0.23 (0 wins) | rating: A 1206±61  B 994±59  C 1441±67  D 1123±59  E 1121±59 | replaced E4·2 → E4·3
gen 17 | 7.9 min | champion C4 | race points by design: D 0.36 (8 wins)  C 0.33 (6 wins)  E 0.32 (6 wins)  B 0.29 (1 wins)  A 0.25 (3 wins) | replaced D1 → D1·3
gen 18 | 6.8 min | champion E4·3 | race points by design: C 0.35 (7 wins)  D 0.35 (9 wins)  B 0.32 (1 wins)  E 0.31 (5 wins)  A 0.24 (2 wins) | replaced C4·2 → C4·3
gen 19 | 6.4 min | champion A4 | race points by design: B 0.36 (6 wins)  C 0.33 (3 wins)  D 0.32 (5 wins)  A 0.28 (9 wins)  E 0.26 (1 wins)
gen 20 | 7.2 min | champion D4 | race points by design: D 0.37 (9 wins)  C 0.35 (6 wins)  B 0.33 (1 wins)  E 0.28 (1 wins)  A 0.27 (7 wins) | rating: A 951±55  B 1052±53  C 1123±53  D 1167±53  E 1011±55 | replaced A1 → A1·3 | hall of fame: D4@20
gen 21 | 7.4 min | champion D4 | race points by design: C 0.35 (10 wins)  D 0.33 (7 wins)  E 0.30 (2 wins)  B 0.29 (1 wins)  A 0.29 (4 wins) | replaced B2 → B2·3
[evolve] 20 pros, generation 21, 17 threads on 1 machine(s), 48 pairs × 5 rounds per generation
gen 22 | 6.8 min | champion E4·3 | race points by design: D 0.36 (7 wins)  E 0.34 (6 wins)  B 0.29 (4 wins)  C 0.29 (4 wins)  A 0.28 (3 wins) | replaced D4·3 → D4·4
[evolve] 20 pros, generation 22, 17 threads on 1 machine(s), 48 pairs × 5 rounds per generation
[evolve] 20 pros, generation 22, 17 threads on 1 machine(s), 48 pairs × 5 rounds per generation
[evolve] 20 pros, generation 22, 17 threads on 1 machine(s), 48 pairs × 5 rounds per generation
gen 23 | 7.1 min | champion D4 | race points by design: C 0.36 (9 wins)  D 0.35 (8 wins)  A 0.29 (3 wins)  E 0.29 (2 wins)  B 0.28 (2 wins)
[evolve] 20 pros, generation 23, 17 threads on 1 machine(s), 48 pairs × 5 rounds per generation
[evolve] 20 pros, generation 23, 17 threads on 1 machine(s), 48 pairs × 5 rounds per generation
[evolve] 20 pros, generation 23, 17 threads on 1 machine(s), 48 pairs × 5 rounds per generation
gen 24 | 6.6 min | champion C4 | race points by design: D 0.36 (9 wins)  C 0.34 (8 wins)  E 0.33 (5 wins)  A 0.28 (2 wins)  B 0.27 (0 wins) | rating: A 984±57  B 964±57  C 1042±55  D 1094±57  E 1047±55
[evolve] 20 pros, generation 24, 17 threads on 1 machine(s), 48 pairs × 5 rounds per generation
[evolve] 20 pros, generation 24, 17 threads on 1 machine(s), 48 pairs × 5 rounds per generation
[evolve] 20 pros, generation 24, 17 threads on 1 machine(s), 48 pairs × 5 rounds per generation
[evolve] 20 pros, generation 24, 17 threads on 1 machine(s), 48 pairs × 5 rounds per generation
