35 candidates from 8 models
35 qualified (finished at least 5 of 6 unseen tracks)
P 1 pro-d-s2-final·it60    avg finish  23% of field | wins 5/30 | quali lap 12.20 | walls 5.0 passes 11.5 rammed 1.49
P 2 pro-d-s2-final·it90    avg finish  25% of field | wins 3/30 | quali lap 12.46 | walls 3.8 passes 11.5 rammed 1.33
P 3 pro-d-s2-final·it80    avg finish  27% of field | wins 5/29 | quali lap 12.26 | walls 2.6 passes 11.3 rammed 1.29
P 4 pro-d-s2-final         avg finish  27% of field | wins 4/33 | quali lap 12.23 | walls 2.8 passes 12.5 rammed 2.17
P 5 pro-c-s1-final         avg finish  28% of field | wins 6/40 | quali lap 13.13 | walls 5.7 passes 9.0 rammed 1.40
P 6 pro-d-s2-final·it70    avg finish  30% of field | wins 3/30 | quali lap 12.28 | walls 3.4 passes 11.9 rammed 1.64
P 7 pro-c-s1-final·it60    avg finish  32% of field | wins 6/38 | quali lap 13.06 | walls 5.9 passes 9.7 rammed 1.90
P 8 pro-c-s1-final·it50    avg finish  33% of field | wins 2/37 | quali lap 13.33 | walls 6.9 passes 11.2 rammed 1.88
P 9 pro-d-s2-final·it50    avg finish  36% of field | wins 2/32 | quali lap 12.22 | walls 4.3 passes 13.2 rammed 2.02
P10 pro-c-s1-final·it70    avg finish  37% of field | wins 2/35 | quali lap 13.09 | walls 6.3 passes 10.7 rammed 1.35
P11 pro-d-s2-final·it40    avg finish  39% of field | wins 1/31 | quali lap 12.21 | walls 3.6 passes 12.3 rammed 2.00
P12 pro-c-s1-final·it80    avg finish  40% of field | wins 2/35 | quali lap 13.26 | walls 6.7 passes 11.8 rammed 1.81
P13 pro-c-s1-final·it90    avg finish  41% of field | wins 6/39 | quali lap 13.29 | walls 5.5 passes 10.0 rammed 1.62
P14 pro-c-s1               avg finish  45% of field | wins 1/42 | quali lap 13.51 | walls 7.3 passes 10.8 rammed 1.84
P15 pro-d-s2·it20          avg finish  47% of field | wins 0/33 | quali lap 12.36 | walls 4.0 passes 10.8 rammed 2.28
P16 pro-c-s2-final·it90    avg finish  49% of field | wins 2/37 | quali lap 13.15 | walls 3.9 passes 11.4 rammed 1.85
P17 pro-c-s1-final·it40    avg finish  49% of field | wins 0/48 | quali lap 13.13 | walls 8.3 passes 11.1 rammed 1.64
P18 pro-d-s1-final·it90    avg finish  50% of field | wins 1/40 | quali lap 13.45 | walls 6.3 passes 11.9 rammed 1.89
P19 pro-d-s2·it10          avg finish  51% of field | wins 1/32 | quali lap 12.40 | walls 4.3 passes 11.6 rammed 3.62
P20 pro-d-s2·it30          avg finish  51% of field | wins 0/25 | quali lap 12.33 | walls 4.4 passes 11.6 rammed 2.61
wrote 20 drivers to models/field.json
