53 candidates from 12 models
53 qualified (finished at least 5 of 6 unseen tracks)
P 1 pro2-d·it80            avg finish  18% of field | wins 7/28 | quali lap 12.24 | walls 4.6 passes 12.4 rammed 2.68 aero lost 47%
P 2 pro2-d-final·it120     avg finish  21% of field | wins 7/33 | quali lap 12.21 | walls 4.7 passes 13.8 rammed 2.29 aero lost 48%
P 3 pro2-d-final·it100     avg finish  21% of field | wins 4/24 | quali lap 12.24 | walls 4.1 passes 15.0 rammed 3.05 aero lost 51%
P 4 pro2-d-final           avg finish  22% of field | wins 3/31 | quali lap 12.22 | walls 9.5 passes 13.8 rammed 2.30 aero lost 59%
P 5 pro2-d-final·it140     avg finish  22% of field | wins 4/27 | quali lap 12.16 | walls 4.3 passes 13.8 rammed 3.06 aero lost 52%
P 6 pro2-d·it70            avg finish  24% of field | wins 3/23 | quali lap 12.19 | walls 5.7 passes 14.0 rammed 2.69 aero lost 51%
P 7 pro2-dx-final·it110    avg finish  25% of field | wins 1/26 | quali lap 12.28 | walls 4.7 passes 14.7 rammed 2.05 aero lost 44%
P 8 pro2-d-final·it130     avg finish  27% of field | wins 2/21 | quali lap 12.12 | walls 3.0 passes 16.6 rammed 2.44 aero lost 44%
P 9 pro2-d-final·it90      avg finish  29% of field | wins 1/31 | quali lap 12.34 | walls 4.4 passes 14.9 rammed 2.50 aero lost 53%
P10 pro2-d-final·it110     avg finish  29% of field | wins 2/30 | quali lap 12.31 | walls 7.4 passes 17.9 rammed 3.23 aero lost 67%
P11 pro2-dx-final·it140    avg finish  29% of field | wins 2/30 | quali lap 12.28 | walls 5.8 passes 16.4 rammed 2.67 aero lost 53%
P12 pro-d-s2-final·it50    avg finish  31% of field | wins 3/22 | quali lap 12.22 | walls 10.6 passes 11.7 rammed 4.21 aero lost 77%
P13 pro2-dx·it80           avg finish  31% of field | wins 2/31 | quali lap 12.34 | walls 5.5 passes 15.1 rammed 1.99 aero lost 50%
P14 pro2-dx-final          avg finish  32% of field | wins 1/29 | quali lap 12.27 | walls 3.7 passes 15.3 rammed 2.73 aero lost 52%
P15 pro2-dx-final·it130    avg finish  33% of field | wins 2/26 | quali lap 12.22 | walls 3.9 passes 14.8 rammed 2.18 aero lost 46%
P16 pro-d-s2-final         avg finish  33% of field | wins 2/33 | quali lap 12.23 | walls 9.4 passes 15.7 rammed 4.29 aero lost 78%
P17 pro2-dx-final·it100    avg finish  33% of field | wins 2/31 | quali lap 12.17 | walls 5.2 passes 13.2 rammed 2.00 aero lost 48%
P18 pro-d-s2-final·it40    avg finish  34% of field | wins 1/21 | quali lap 12.21 | walls 6.1 passes 14.6 rammed 4.46 aero lost 71%
P19 pro2-dx-final·it120    avg finish  34% of field | wins 1/31 | quali lap 12.31 | walls 9.0 passes 14.9 rammed 2.54 aero lost 59%
P20 pro2-dx-final·it90     avg finish  34% of field | wins 4/36 | quali lap 12.26 | walls 5.1 passes 15.4 rammed 1.92 aero lost 50%
wrote 20 drivers to models/field.json
