[pace-d-s2] stage=tt layers=36-64-64-64-2 params=10818 pairs=48 sigma=0.04 lr=0.02 workers=16
it   1 | mean -0.537 max -0.415 | 0s
it   2 | mean -0.448 max 1.605 | 0s
it   3 | mean -0.223 max 1.625 | 1s
it   4 | mean 0.437 max 1.619 | 1s
it   5 | mean 0.985 max 1.480 | 2s
it   6 | mean 1.373 max 1.659 | 2s
it   7 | mean 1.310 max 1.614 | 3s
it   8 | mean 1.477 max 1.669 | 3s
it   9 | mean 1.379 max 1.646 | 4s
it  10 | mean 1.398 max 1.625 | 4s
it  11 | mean 1.537 max 1.654 | 5s
it  12 | mean 1.451 max 1.650 | 5s
it  13 | mean 1.361 max 1.630 | 6s
it  14 | mean 1.516 max 1.687 | 6s
it  15 | mean 1.482 max 1.640 | 7s
it  16 | mean 1.509 max 1.630 | 7s
it  17 | mean 1.522 max 1.635 | 8s
it  18 | mean 1.578 max 1.654 | 8s
it  19 | mean 1.486 max 1.638 | 9s
it  20 | mean 1.587 max 1.656 | 9s || held-out: done 100% lap 18.51 walls 2.6 *
it  21 | mean 1.574 max 1.645 | 10s
it  22 | mean 1.558 max 1.615 | 11s
it  23 | mean 1.540 max 1.689 | 11s
it  24 | mean 1.547 max 1.648 | 12s
it  25 | mean 1.576 max 1.645 | 12s
it  26 | mean 1.554 max 1.632 | 13s
it  27 | mean 1.573 max 1.638 | 13s
it  28 | mean 1.525 max 1.666 | 14s
it  29 | mean 1.554 max 1.695 | 14s
it  30 | mean 1.599 max 1.690 | 15s
it  31 | mean 1.535 max 1.670 | 15s
it  32 | mean 1.602 max 1.699 | 16s
it  33 | mean 1.606 max 1.678 | 16s
it  34 | mean 1.570 max 1.650 | 17s
it  35 | mean 1.630 max 1.691 | 17s
it  36 | mean 1.454 max 1.687 | 18s
it  37 | mean 1.613 max 1.686 | 18s
it  38 | mean 1.671 max 1.722 | 19s
it  39 | mean 1.627 max 1.679 | 19s
it  40 | mean 1.574 max 1.659 | 20s || held-out: done 100% lap 15.73 walls 5.6 *
it  41 | mean 1.509 max 1.734 | 20s
it  42 | mean 1.654 max 1.713 | 21s
it  43 | mean 1.644 max 1.728 | 21s
it  44 | mean 1.579 max 1.651 | 22s
it  45 | mean 1.649 max 1.713 | 22s
it  46 | mean 1.642 max 1.713 | 22s
it  47 | mean 1.644 max 1.701 | 23s
it  48 | mean 1.431 max 1.650 | 23s
it  49 | mean 1.543 max 1.672 | 24s
it  50 | mean 1.661 max 1.718 | 24s
it  51 | mean 1.627 max 1.691 | 25s
it  52 | mean 1.540 max 1.653 | 25s
it  53 | mean 1.651 max 1.705 | 26s
it  54 | mean 1.664 max 1.718 | 26s
it  55 | mean 1.552 max 1.703 | 27s
it  56 | mean 1.352 max 1.615 | 27s
it  57 | mean 1.505 max 1.658 | 28s
it  58 | mean 1.450 max 1.614 | 28s
it  59 | mean 1.590 max 1.679 | 29s
it  60 | mean 1.605 max 1.668 | 29s || held-out: done 100% lap 16.93 walls 0.4 *
it  61 | mean 1.599 max 1.703 | 30s
it  62 | mean 1.617 max 1.677 | 30s
it  63 | mean 1.596 max 1.679 | 31s
it  64 | mean 1.618 max 1.678 | 31s
it  65 | mean 1.508 max 1.672 | 32s
it  66 | mean 1.609 max 1.697 | 32s
it  67 | mean 1.546 max 1.688 | 33s
it  68 | mean 1.665 max 1.711 | 33s
it  69 | mean 1.563 max 1.670 | 34s
it  70 | mean 1.539 max 1.659 | 34s
it  71 | mean 1.597 max 1.682 | 35s
it  72 | mean 1.662 max 1.714 | 35s
it  73 | mean 1.574 max 1.679 | 36s
it  74 | mean 1.606 max 1.664 | 36s
it  75 | mean 1.660 max 1.716 | 36s
it  76 | mean 1.610 max 1.682 | 37s
it  77 | mean 1.658 max 1.729 | 37s
it  78 | mean 1.594 max 1.696 | 38s
it  79 | mean 1.543 max 1.659 | 38s
it  80 | mean 1.644 max 1.693 | 39s || held-out: done 100% lap 15.29 walls 2.3 *
it  81 | mean 1.597 max 1.692 | 39s
it  82 | mean 1.633 max 1.715 | 40s
it  83 | mean 1.555 max 1.654 | 40s
it  84 | mean 1.619 max 1.692 | 41s
it  85 | mean 1.665 max 1.711 | 41s
it  86 | mean 1.662 max 1.711 | 42s
it  87 | mean 1.599 max 1.697 | 42s
it  88 | mean 1.585 max 1.670 | 43s
it  89 | mean 1.674 max 1.707 | 43s
it  90 | mean 1.496 max 1.661 | 44s
it  91 | mean 1.682 max 1.723 | 44s
it  92 | mean 1.590 max 1.703 | 44s
it  93 | mean 1.599 max 1.713 | 45s
it  94 | mean 1.608 max 1.713 | 45s
it  95 | mean 1.597 max 1.711 | 46s
it  96 | mean 1.577 max 1.734 | 46s
it  97 | mean 1.690 max 1.725 | 47s
it  98 | mean 1.674 max 1.724 | 47s
it  99 | mean 1.642 max 1.740 | 48s
it 100 | mean 1.504 max 1.681 | 48s || held-out: done 100% lap 14.43 walls 3.1 *
it 101 | mean 1.455 max 1.644 | 49s
it 102 | mean 1.605 max 1.691 | 49s
it 103 | mean 1.662 max 1.711 | 50s
it 104 | mean 1.660 max 1.713 | 50s
it 105 | mean 1.629 max 1.711 | 50s
it 106 | mean 1.691 max 1.723 | 51s
it 107 | mean 1.604 max 1.726 | 51s
it 108 | mean 1.627 max 1.714 | 52s
it 109 | mean 1.690 max 1.724 | 52s
it 110 | mean 1.565 max 1.738 | 53s
it 111 | mean 1.675 max 1.715 | 53s
it 112 | mean 1.531 max 1.715 | 53s
it 113 | mean 1.687 max 1.726 | 54s
it 114 | mean 1.561 max 1.727 | 54s
it 115 | mean 1.613 max 1.700 | 55s
it 116 | mean 1.561 max 1.715 | 55s
it 117 | mean 1.566 max 1.707 | 56s
it 118 | mean 1.563 max 1.728 | 56s
it 119 | mean 1.681 max 1.723 | 56s
it 120 | mean 1.662 max 1.712 | 57s || held-out: done 100% lap 14.80 walls 4.8
it 121 | mean 1.686 max 1.730 | 57s
it 122 | mean 1.578 max 1.725 | 58s
it 123 | mean 1.316 max 1.637 | 58s
it 124 | mean 1.285 max 1.686 | 59s
it 125 | mean 1.714 max 1.747 | 59s
it 126 | mean 1.693 max 1.726 | 59s
it 127 | mean 1.539 max 1.696 | 60s
it 128 | mean 1.545 max 1.724 | 60s
it 129 | mean 1.535 max 1.720 | 61s
it 130 | mean 1.662 max 1.709 | 61s
it 131 | mean 1.626 max 1.732 | 61s
it 132 | mean 1.668 max 1.713 | 62s
it 133 | mean 1.696 max 1.723 | 62s
it 134 | mean 1.620 max 1.741 | 63s
it 135 | mean 1.684 max 1.720 | 63s
it 136 | mean 1.639 max 1.731 | 64s
it 137 | mean 1.715 max 1.742 | 64s
it 138 | mean 1.640 max 1.732 | 64s
it 139 | mean 1.602 max 1.729 | 65s
it 140 | mean 1.471 max 1.672 | 65s || held-out: done 100% lap 13.68 walls 2.3 *
it 141 | mean 1.645 max 1.729 | 66s
it 142 | mean 1.628 max 1.707 | 66s
it 143 | mean 1.674 max 1.726 | 67s
it 144 | mean 1.684 max 1.729 | 67s
it 145 | mean 1.694 max 1.727 | 68s
it 146 | mean 1.594 max 1.717 | 68s
it 147 | mean 1.665 max 1.728 | 68s
it 148 | mean 1.689 max 1.728 | 69s
it 149 | mean 1.602 max 1.709 | 69s
it 150 | mean 1.707 max 1.735 | 70s
it 151 | mean 1.690 max 1.730 | 70s
it 152 | mean 1.684 max 1.734 | 71s
it 153 | mean 1.703 max 1.736 | 71s
it 154 | mean 1.640 max 1.719 | 71s
it 155 | mean 1.698 max 1.731 | 72s
it 156 | mean 1.684 max 1.735 | 72s
it 157 | mean 1.705 max 1.730 | 73s
it 158 | mean 1.704 max 1.737 | 73s
it 159 | mean 1.641 max 1.731 | 74s
it 160 | mean 1.695 max 1.732 | 74s || held-out: done 100% lap 13.23 walls 0.1 *
it 161 | mean 1.704 max 1.726 | 75s
it 162 | mean 1.697 max 1.736 | 75s
it 163 | mean 1.686 max 1.729 | 75s
it 164 | mean 1.689 max 1.739 | 76s
it 165 | mean 1.698 max 1.732 | 76s
it 166 | mean 1.708 max 1.737 | 77s
it 167 | mean 1.714 max 1.737 | 77s
it 168 | mean 1.638 max 1.722 | 77s
it 169 | mean 1.654 max 1.713 | 78s
it 170 | mean 1.701 max 1.735 | 78s
it 171 | mean 1.683 max 1.736 | 79s
it 172 | mean 1.702 max 1.750 | 79s
it 173 | mean 1.684 max 1.728 | 79s
it 174 | mean 1.692 max 1.734 | 80s
it 175 | mean 1.666 max 1.717 | 80s
it 176 | mean 1.684 max 1.729 | 81s
it 177 | mean 1.696 max 1.734 | 81s
it 178 | mean 1.689 max 1.735 | 82s
it 179 | mean 1.709 max 1.740 | 82s
it 180 | mean 1.717 max 1.740 | 82s || held-out: done 100% lap 13.28 walls 0.3
it 181 | mean 1.711 max 1.738 | 83s
it 182 | mean 1.685 max 1.732 | 83s
it 183 | mean 1.680 max 1.717 | 84s
it 184 | mean 1.716 max 1.739 | 84s
it 185 | mean 1.708 max 1.728 | 85s
it 186 | mean 1.718 max 1.752 | 85s
it 187 | mean 1.693 max 1.740 | 85s
it 188 | mean 1.677 max 1.731 | 86s
it 189 | mean 1.606 max 1.732 | 86s
it 190 | mean 1.572 max 1.734 | 87s
it 191 | mean 1.686 max 1.730 | 87s
it 192 | mean 1.723 max 1.741 | 87s
it 193 | mean 1.720 max 1.740 | 88s
it 194 | mean 1.704 max 1.738 | 88s
it 195 | mean 1.667 max 1.726 | 88s
it 196 | mean 1.710 max 1.732 | 89s
it 197 | mean 1.690 max 1.736 | 89s
it 198 | mean 1.706 max 1.734 | 90s
it 199 | mean 1.693 max 1.734 | 90s
it 200 | mean 1.678 max 1.724 | 90s || held-out: done 100% lap 13.07 walls 0.0 *
[pace-d-s2] best held-out {"iteration":200,"completed":1,"lap":13.06875,"walls":0,"score":1.7140067769643625}
