[pace-c-s2] stage=tt layers=36-64-64-2 params=6658 pairs=48 sigma=0.04 lr=0.02 workers=16
it   1 | mean -0.532 max -0.392 | 0s
it   2 | mean -0.386 max 1.535 | 0s
it   3 | mean 0.446 max 1.617 | 1s
it   4 | mean 1.267 max 1.673 | 1s
it   5 | mean 1.257 max 1.500 | 1s
it   6 | mean 1.484 max 1.649 | 2s
it   7 | mean 1.481 max 1.634 | 2s
it   8 | mean 1.596 max 1.675 | 3s
it   9 | mean 1.545 max 1.646 | 3s
it  10 | mean 1.553 max 1.630 | 3s
it  11 | mean 1.595 max 1.652 | 4s
it  12 | mean 1.562 max 1.640 | 4s
it  13 | mean 1.571 max 1.635 | 4s
it  14 | mean 1.604 max 1.690 | 5s
it  15 | mean 1.583 max 1.630 | 5s
it  16 | mean 1.576 max 1.636 | 5s
it  17 | mean 1.551 max 1.645 | 6s
it  18 | mean 1.611 max 1.655 | 6s
it  19 | mean 1.521 max 1.646 | 6s
it  20 | mean 1.612 max 1.666 | 7s || held-out: done 100% lap 17.13 walls 5.6 *
it  21 | mean 1.607 max 1.664 | 7s
it  22 | mean 1.582 max 1.640 | 7s
it  23 | mean 1.547 max 1.697 | 8s
it  24 | mean 1.552 max 1.667 | 8s
it  25 | mean 1.611 max 1.662 | 8s
it  26 | mean 1.568 max 1.656 | 9s
it  27 | mean 1.608 max 1.662 | 9s
it  28 | mean 1.586 max 1.667 | 9s
it  29 | mean 1.576 max 1.682 | 10s
it  30 | mean 1.605 max 1.691 | 10s
it  31 | mean 1.573 max 1.673 | 11s
it  32 | mean 1.608 max 1.692 | 11s
it  33 | mean 1.622 max 1.683 | 11s
it  34 | mean 1.581 max 1.627 | 11s
it  35 | mean 1.647 max 1.698 | 12s
it  36 | mean 1.552 max 1.687 | 12s
it  37 | mean 1.626 max 1.701 | 12s
it  38 | mean 1.689 max 1.720 | 13s
it  39 | mean 1.647 max 1.685 | 13s
it  40 | mean 1.567 max 1.678 | 13s || held-out: done 100% lap 15.70 walls 5.8 *
it  41 | mean 1.588 max 1.720 | 14s
it  42 | mean 1.654 max 1.715 | 14s
it  43 | mean 1.637 max 1.721 | 14s
it  44 | mean 1.572 max 1.641 | 14s
it  45 | mean 1.658 max 1.713 | 15s
it  46 | mean 1.660 max 1.713 | 15s
it  47 | mean 1.594 max 1.698 | 15s
it  48 | mean 1.528 max 1.619 | 16s
it  49 | mean 1.584 max 1.673 | 16s
it  50 | mean 1.669 max 1.711 | 16s
it  51 | mean 1.593 max 1.698 | 16s
it  52 | mean 1.559 max 1.644 | 17s
it  53 | mean 1.653 max 1.708 | 17s
it  54 | mean 1.670 max 1.711 | 17s
it  55 | mean 1.587 max 1.698 | 18s
it  56 | mean 1.465 max 1.637 | 18s
it  57 | mean 1.536 max 1.645 | 18s
it  58 | mean 1.552 max 1.651 | 18s
it  59 | mean 1.620 max 1.679 | 19s
it  60 | mean 1.610 max 1.665 | 19s || held-out: done 100% lap 16.43 walls 1.1 *
it  61 | mean 1.589 max 1.686 | 19s
it  62 | mean 1.627 max 1.679 | 20s
it  63 | mean 1.618 max 1.676 | 20s
it  64 | mean 1.632 max 1.677 | 20s
it  65 | mean 1.595 max 1.660 | 21s
it  66 | mean 1.634 max 1.698 | 21s
it  67 | mean 1.601 max 1.677 | 21s
it  68 | mean 1.675 max 1.719 | 22s
it  69 | mean 1.568 max 1.663 | 22s
it  70 | mean 1.548 max 1.653 | 22s
it  71 | mean 1.612 max 1.685 | 23s
it  72 | mean 1.673 max 1.711 | 23s
it  73 | mean 1.607 max 1.686 | 23s
it  74 | mean 1.617 max 1.671 | 23s
it  75 | mean 1.674 max 1.719 | 24s
it  76 | mean 1.619 max 1.686 | 24s
it  77 | mean 1.675 max 1.720 | 24s
it  78 | mean 1.609 max 1.705 | 25s
it  79 | mean 1.582 max 1.673 | 25s
it  80 | mean 1.662 max 1.696 | 25s || held-out: done 100% lap 14.91 walls 3.6 *
it  81 | mean 1.606 max 1.702 | 26s
it  82 | mean 1.649 max 1.719 | 26s
it  83 | mean 1.533 max 1.662 | 26s
it  84 | mean 1.601 max 1.702 | 27s
it  85 | mean 1.682 max 1.724 | 27s
it  86 | mean 1.681 max 1.725 | 27s
it  87 | mean 1.577 max 1.719 | 27s
it  88 | mean 1.515 max 1.678 | 28s
it  89 | mean 1.683 max 1.724 | 28s
it  90 | mean 1.493 max 1.627 | 28s
it  91 | mean 1.688 max 1.727 | 29s
it  92 | mean 1.576 max 1.691 | 29s
it  93 | mean 1.562 max 1.709 | 29s
it  94 | mean 1.609 max 1.713 | 29s
it  95 | mean 1.607 max 1.704 | 30s
it  96 | mean 1.598 max 1.738 | 30s
it  97 | mean 1.679 max 1.728 | 30s
it  98 | mean 1.683 max 1.725 | 30s
it  99 | mean 1.661 max 1.734 | 31s
it 100 | mean 1.526 max 1.687 | 31s || held-out: done 100% lap 14.58 walls 4.0 *
it 101 | mean 1.455 max 1.642 | 31s
it 102 | mean 1.636 max 1.695 | 32s
it 103 | mean 1.669 max 1.708 | 32s
it 104 | mean 1.666 max 1.708 | 32s
it 105 | mean 1.649 max 1.709 | 33s
it 106 | mean 1.700 max 1.729 | 33s
it 107 | mean 1.605 max 1.732 | 33s
it 108 | mean 1.606 max 1.718 | 33s
it 109 | mean 1.690 max 1.732 | 34s
it 110 | mean 1.528 max 1.742 | 34s
it 111 | mean 1.677 max 1.725 | 34s
it 112 | mean 1.568 max 1.710 | 34s
it 113 | mean 1.697 max 1.733 | 35s
it 114 | mean 1.630 max 1.733 | 35s
it 115 | mean 1.542 max 1.698 | 35s
it 116 | mean 1.571 max 1.727 | 36s
it 117 | mean 1.591 max 1.708 | 36s
it 118 | mean 1.617 max 1.731 | 36s
it 119 | mean 1.696 max 1.731 | 36s
it 120 | mean 1.678 max 1.718 | 37s || held-out: done 100% lap 14.43 walls 5.1
it 121 | mean 1.689 max 1.735 | 37s
it 122 | mean 1.574 max 1.732 | 37s
it 123 | mean 1.460 max 1.606 | 37s
it 124 | mean 1.391 max 1.671 | 38s
it 125 | mean 1.716 max 1.746 | 38s
it 126 | mean 1.699 max 1.732 | 38s
it 127 | mean 1.566 max 1.706 | 38s
it 128 | mean 1.615 max 1.736 | 39s
it 129 | mean 1.575 max 1.724 | 39s
it 130 | mean 1.681 max 1.719 | 39s
it 131 | mean 1.630 max 1.736 | 39s
it 132 | mean 1.664 max 1.707 | 40s
it 133 | mean 1.709 max 1.737 | 40s
it 134 | mean 1.574 max 1.744 | 40s
it 135 | mean 1.685 max 1.723 | 40s
it 136 | mean 1.590 max 1.738 | 41s
it 137 | mean 1.722 max 1.749 | 41s
it 138 | mean 1.526 max 1.734 | 41s
it 139 | mean 1.558 max 1.721 | 41s
it 140 | mean 1.437 max 1.592 | 42s || held-out: done 88% lap 13.82 walls 4.1
it 141 | mean 1.547 max 1.707 | 42s
it 142 | mean 1.486 max 1.651 | 42s
it 143 | mean 1.674 max 1.721 | 43s
it 144 | mean 1.697 max 1.730 | 43s
it 145 | mean 1.682 max 1.719 | 43s
it 146 | mean 1.610 max 1.717 | 43s
it 147 | mean 1.676 max 1.711 | 44s
it 148 | mean 1.681 max 1.714 | 44s
it 149 | mean 1.536 max 1.673 | 44s
it 150 | mean 1.666 max 1.733 | 44s
it 151 | mean 1.681 max 1.722 | 45s
it 152 | mean 1.626 max 1.723 | 45s
it 153 | mean 1.594 max 1.731 | 45s
it 154 | mean 1.605 max 1.720 | 46s
it 155 | mean 1.632 max 1.706 | 46s
it 156 | mean 1.617 max 1.727 | 46s
it 157 | mean 1.680 max 1.713 | 46s
it 158 | mean 1.687 max 1.728 | 47s
it 159 | mean 1.602 max 1.717 | 47s
it 160 | mean 1.637 max 1.697 | 47s || held-out: done 100% lap 14.26 walls 4.0 *
it 161 | mean 1.681 max 1.721 | 47s
it 162 | mean 1.689 max 1.729 | 48s
it 163 | mean 1.610 max 1.717 | 48s
it 164 | mean 1.686 max 1.730 | 48s
it 165 | mean 1.646 max 1.719 | 48s
it 166 | mean 1.699 max 1.728 | 49s
it 167 | mean 1.597 max 1.728 | 49s
it 168 | mean 1.589 max 1.716 | 49s
it 169 | mean 1.453 max 1.652 | 49s
it 170 | mean 1.604 max 1.721 | 50s
it 171 | mean 1.644 max 1.728 | 50s
it 172 | mean 1.709 max 1.737 | 50s
it 173 | mean 1.689 max 1.719 | 50s
it 174 | mean 1.609 max 1.712 | 51s
it 175 | mean 1.510 max 1.712 | 51s
it 176 | mean 1.671 max 1.712 | 51s
it 177 | mean 1.665 max 1.717 | 51s
it 178 | mean 1.548 max 1.702 | 52s
it 179 | mean 1.663 max 1.734 | 52s
it 180 | mean 1.694 max 1.732 | 52s || held-out: done 63% lap 15.08 walls 5.5
it 181 | mean 1.680 max 1.734 | 52s
it 182 | mean 1.580 max 1.719 | 53s
it 183 | mean 1.666 max 1.709 | 53s
it 184 | mean 1.702 max 1.739 | 53s
it 185 | mean 1.679 max 1.721 | 53s
it 186 | mean 1.611 max 1.748 | 54s
it 187 | mean 1.675 max 1.738 | 54s
it 188 | mean 1.483 max 1.720 | 54s
it 189 | mean 1.541 max 1.725 | 54s
it 190 | mean 1.487 max 1.682 | 55s
it 191 | mean 1.689 max 1.726 | 55s
it 192 | mean 1.619 max 1.732 | 55s
it 193 | mean 1.658 max 1.733 | 55s
it 194 | mean 1.538 max 1.681 | 56s
it 195 | mean 1.628 max 1.715 | 56s
it 196 | mean 1.651 max 1.710 | 56s
it 197 | mean 1.664 max 1.702 | 56s
it 198 | mean 1.665 max 1.703 | 57s
it 199 | mean 1.649 max 1.713 | 57s
it 200 | mean 1.682 max 1.718 | 57s || held-out: done 100% lap 14.30 walls 4.1
[pace-c-s2] best held-out {"iteration":160,"completed":1,"lap":14.262500000000003,"walls":4,"score":1.6433935240796282}
