[pace-d-s1] stage=tt layers=36-64-64-64-2 params=10818 pairs=48 sigma=0.04 lr=0.02 workers=16
it   1 | mean -0.529 max -0.447 | 0s
it   2 | mean -0.354 max 1.363 | 1s
it   3 | mean -0.070 max 1.349 | 1s
it   4 | mean 0.481 max 1.553 | 1s
it   5 | mean 1.013 max 1.523 | 2s
it   6 | mean 1.304 max 1.645 | 2s
it   7 | mean 1.460 max 1.708 | 3s
it   8 | mean 1.279 max 1.616 | 3s
it   9 | mean 1.573 max 1.695 | 4s
it  10 | mean 1.472 max 1.633 | 5s
it  11 | mean 1.539 max 1.608 | 5s
it  12 | mean 1.410 max 1.687 | 6s
it  13 | mean 1.410 max 1.627 | 7s
it  14 | mean 1.538 max 1.626 | 7s
it  15 | mean 1.397 max 1.542 | 8s
it  16 | mean 1.619 max 1.675 | 8s
it  17 | mean 1.525 max 1.639 | 9s
it  18 | mean 1.472 max 1.651 | 9s
it  19 | mean 1.571 max 1.652 | 10s
it  20 | mean 1.561 max 1.657 | 10s || held-out: done 100% lap 17.11 walls 6.9 *
it  21 | mean 1.556 max 1.654 | 11s
it  22 | mean 1.513 max 1.664 | 11s
it  23 | mean 1.445 max 1.572 | 12s
it  24 | mean 1.536 max 1.663 | 12s
it  25 | mean 1.423 max 1.620 | 13s
it  26 | mean 1.553 max 1.653 | 13s
it  27 | mean 1.563 max 1.675 | 14s
it  28 | mean 1.570 max 1.702 | 15s
it  29 | mean 1.474 max 1.629 | 15s
it  30 | mean 1.488 max 1.661 | 15s
it  31 | mean 1.418 max 1.574 | 16s
it  32 | mean 1.542 max 1.666 | 16s
it  33 | mean 1.523 max 1.667 | 17s
it  34 | mean 1.571 max 1.644 | 17s
it  35 | mean 1.613 max 1.666 | 18s
it  36 | mean 1.562 max 1.675 | 18s
it  37 | mean 1.575 max 1.675 | 19s
it  38 | mean 1.526 max 1.626 | 19s
it  39 | mean 1.552 max 1.640 | 20s
it  40 | mean 1.604 max 1.681 | 20s || held-out: done 100% lap 17.36 walls 0.8 *
it  41 | mean 1.620 max 1.683 | 21s
it  42 | mean 1.630 max 1.695 | 21s
it  43 | mean 1.514 max 1.684 | 22s
it  44 | mean 1.533 max 1.740 | 22s
it  45 | mean 1.613 max 1.680 | 23s
it  46 | mean 1.642 max 1.712 | 23s
it  47 | mean 1.556 max 1.711 | 24s
it  48 | mean 1.578 max 1.700 | 24s
it  49 | mean 1.651 max 1.739 | 24s
it  50 | mean 1.521 max 1.714 | 25s
it  51 | mean 1.540 max 1.701 | 25s
it  52 | mean 1.649 max 1.710 | 26s
it  53 | mean 1.601 max 1.699 | 26s
it  54 | mean 1.661 max 1.741 | 26s
it  55 | mean 1.550 max 1.708 | 27s
it  56 | mean 1.565 max 1.669 | 27s
it  57 | mean 1.671 max 1.734 | 28s
it  58 | mean 1.555 max 1.706 | 28s
it  59 | mean 1.646 max 1.697 | 29s
it  60 | mean 1.660 max 1.713 | 29s || held-out: done 100% lap 15.26 walls 4.4 *
it  61 | mean 1.575 max 1.696 | 29s
it  62 | mean 1.608 max 1.666 | 30s
it  63 | mean 1.508 max 1.650 | 30s
it  64 | mean 1.622 max 1.703 | 31s
it  65 | mean 1.614 max 1.714 | 31s
it  66 | mean 1.646 max 1.697 | 32s
it  67 | mean 1.662 max 1.717 | 32s
it  68 | mean 1.618 max 1.724 | 33s
it  69 | mean 1.658 max 1.698 | 33s
it  70 | mean 1.534 max 1.689 | 33s
it  71 | mean 1.663 max 1.725 | 34s
it  72 | mean 1.614 max 1.747 | 34s
it  73 | mean 1.675 max 1.731 | 35s
it  74 | mean 1.630 max 1.727 | 35s
it  75 | mean 1.465 max 1.709 | 35s
it  76 | mean 1.524 max 1.720 | 36s
it  77 | mean 1.649 max 1.717 | 36s
it  78 | mean 1.589 max 1.706 | 37s
it  79 | mean 1.527 max 1.664 | 37s
it  80 | mean 1.692 max 1.728 | 37s || held-out: done 100% lap 14.77 walls 4.0 *
it  81 | mean 1.558 max 1.714 | 38s
it  82 | mean 1.506 max 1.677 | 38s
it  83 | mean 1.595 max 1.718 | 39s
it  84 | mean 1.594 max 1.704 | 39s
it  85 | mean 1.591 max 1.668 | 40s
it  86 | mean 1.618 max 1.696 | 40s
it  87 | mean 1.647 max 1.734 | 40s
it  88 | mean 1.617 max 1.695 | 41s
it  89 | mean 1.661 max 1.731 | 41s
it  90 | mean 1.590 max 1.705 | 42s
it  91 | mean 1.475 max 1.673 | 42s
it  92 | mean 1.677 max 1.725 | 42s
it  93 | mean 1.554 max 1.709 | 43s
it  94 | mean 1.547 max 1.712 | 43s
it  95 | mean 1.661 max 1.713 | 44s
it  96 | mean 1.544 max 1.704 | 44s
it  97 | mean 1.597 max 1.739 | 44s
it  98 | mean 1.519 max 1.706 | 45s
it  99 | mean 1.603 max 1.717 | 45s
it 100 | mean 1.556 max 1.709 | 46s || held-out: done 100% lap 14.72 walls 3.8 *
it 101 | mean 1.550 max 1.669 | 46s
it 102 | mean 1.580 max 1.719 | 46s
it 103 | mean 1.564 max 1.671 | 47s
it 104 | mean 1.542 max 1.675 | 47s
it 105 | mean 1.661 max 1.693 | 48s
it 106 | mean 1.628 max 1.705 | 48s
it 107 | mean 1.615 max 1.702 | 49s
it 108 | mean 1.674 max 1.722 | 49s
it 109 | mean 1.679 max 1.726 | 50s
it 110 | mean 1.678 max 1.714 | 50s
it 111 | mean 1.698 max 1.732 | 50s
it 112 | mean 1.458 max 1.680 | 51s
it 113 | mean 1.532 max 1.694 | 51s
it 114 | mean 1.392 max 1.676 | 52s
it 115 | mean 1.694 max 1.748 | 52s
it 116 | mean 1.338 max 1.667 | 52s
it 117 | mean 1.529 max 1.712 | 53s
it 118 | mean 1.664 max 1.727 | 53s
it 119 | mean 1.668 max 1.724 | 53s
it 120 | mean 1.608 max 1.743 | 54s || held-out: done 100% lap 14.98 walls 4.0
it 121 | mean 1.678 max 1.731 | 54s
it 122 | mean 1.586 max 1.704 | 55s
it 123 | mean 1.613 max 1.712 | 55s
it 124 | mean 1.653 max 1.703 | 56s
it 125 | mean 1.661 max 1.705 | 56s
it 126 | mean 1.494 max 1.669 | 56s
it 127 | mean 1.643 max 1.710 | 57s
it 128 | mean 1.689 max 1.728 | 57s
it 129 | mean 1.588 max 1.719 | 58s
it 130 | mean 1.657 max 1.708 | 58s
it 131 | mean 1.675 max 1.711 | 58s
it 132 | mean 1.572 max 1.696 | 59s
it 133 | mean 1.563 max 1.685 | 59s
it 134 | mean 1.594 max 1.692 | 60s
it 135 | mean 1.655 max 1.720 | 60s
it 136 | mean 1.691 max 1.730 | 60s
it 137 | mean 1.612 max 1.703 | 61s
it 138 | mean 1.484 max 1.672 | 61s
it 139 | mean 1.603 max 1.710 | 62s
it 140 | mean 1.605 max 1.699 | 62s || held-out: done 100% lap 14.49 walls 4.9
it 141 | mean 1.589 max 1.713 | 63s
it 142 | mean 1.676 max 1.710 | 63s
it 143 | mean 1.683 max 1.727 | 63s
it 144 | mean 1.536 max 1.658 | 64s
it 145 | mean 1.588 max 1.698 | 64s
it 146 | mean 1.597 max 1.697 | 65s
it 147 | mean 1.619 max 1.693 | 65s
it 148 | mean 1.671 max 1.734 | 66s
it 149 | mean 1.582 max 1.686 | 66s
it 150 | mean 1.663 max 1.709 | 67s
it 151 | mean 1.613 max 1.700 | 67s
it 152 | mean 1.642 max 1.706 | 67s
it 153 | mean 1.578 max 1.709 | 68s
it 154 | mean 1.669 max 1.700 | 68s
it 155 | mean 1.578 max 1.717 | 69s
it 156 | mean 1.558 max 1.720 | 69s
it 157 | mean 1.562 max 1.713 | 69s
it 158 | mean 1.611 max 1.711 | 70s
it 159 | mean 1.643 max 1.690 | 70s
it 160 | mean 1.670 max 1.721 | 71s || held-out: done 100% lap 14.54 walls 3.3 *
it 161 | mean 1.577 max 1.708 | 71s
it 162 | mean 1.652 max 1.708 | 72s
it 163 | mean 1.574 max 1.696 | 72s
it 164 | mean 1.653 max 1.704 | 72s
it 165 | mean 1.675 max 1.731 | 73s
it 166 | mean 1.533 max 1.678 | 73s
it 167 | mean 1.683 max 1.717 | 74s
it 168 | mean 1.645 max 1.709 | 74s
it 169 | mean 1.614 max 1.721 | 75s
it 170 | mean 1.671 max 1.711 | 75s
it 171 | mean 1.693 max 1.722 | 76s
it 172 | mean 1.675 max 1.713 | 76s
it 173 | mean 1.376 max 1.653 | 76s
it 174 | mean 1.669 max 1.714 | 77s
it 175 | mean 1.631 max 1.704 | 77s
it 176 | mean 1.444 max 1.680 | 78s
it 177 | mean 1.640 max 1.712 | 78s
it 178 | mean 1.606 max 1.727 | 79s
it 179 | mean 1.640 max 1.714 | 79s
it 180 | mean 1.670 max 1.711 | 79s || held-out: done 100% lap 14.52 walls 2.4 *
it 181 | mean 1.677 max 1.710 | 80s
it 182 | mean 1.672 max 1.713 | 80s
it 183 | mean 1.688 max 1.716 | 81s
it 184 | mean 1.684 max 1.730 | 81s
it 185 | mean 1.472 max 1.624 | 82s
it 186 | mean 1.546 max 1.698 | 82s
it 187 | mean 1.565 max 1.731 | 83s
it 188 | mean 1.533 max 1.715 | 83s
it 189 | mean 1.616 max 1.731 | 83s
it 190 | mean 1.610 max 1.740 | 84s
it 191 | mean 1.545 max 1.680 | 84s
it 192 | mean 1.614 max 1.713 | 85s
it 193 | mean 1.632 max 1.706 | 85s
it 194 | mean 1.635 max 1.705 | 86s
it 195 | mean 1.668 max 1.711 | 86s
it 196 | mean 1.542 max 1.652 | 86s
it 197 | mean 1.586 max 1.688 | 87s
it 198 | mean 1.673 max 1.714 | 87s
it 199 | mean 1.684 max 1.723 | 88s
it 200 | mean 1.630 max 1.725 | 88s || held-out: done 100% lap 14.56 walls 3.3
[pace-d-s1] best held-out {"iteration":180,"completed":1,"lap":14.520833333333336,"walls":2.375,"score":1.6588349960193804}
