[pace-c-s1] stage=tt layers=36-64-64-2 params=6658 pairs=48 sigma=0.04 lr=0.02 workers=16
it   1 | mean -0.529 max -0.443 | 0s
it   2 | mean -0.398 max 1.547 | 0s
it   3 | mean -0.142 max 1.428 | 1s
it   4 | mean 0.417 max 1.597 | 1s
it   5 | mean 0.987 max 1.544 | 2s
it   6 | mean 1.296 max 1.672 | 2s
it   7 | mean 1.539 max 1.712 | 2s
it   8 | mean 1.329 max 1.650 | 3s
it   9 | mean 1.587 max 1.709 | 3s
it  10 | mean 1.498 max 1.648 | 4s
it  11 | mean 1.561 max 1.619 | 4s
it  12 | mean 1.560 max 1.694 | 4s
it  13 | mean 1.548 max 1.640 | 5s
it  14 | mean 1.559 max 1.632 | 5s
it  15 | mean 1.405 max 1.520 | 6s
it  16 | mean 1.634 max 1.686 | 6s
it  17 | mean 1.567 max 1.645 | 7s
it  18 | mean 1.515 max 1.676 | 7s
it  19 | mean 1.625 max 1.673 | 7s
it  20 | mean 1.597 max 1.654 | 8s || held-out: done 100% lap 16.92 walls 7.1 *
it  21 | mean 1.596 max 1.664 | 8s
it  22 | mean 1.559 max 1.671 | 9s
it  23 | mean 1.468 max 1.589 | 9s
it  24 | mean 1.590 max 1.673 | 9s
it  25 | mean 1.470 max 1.622 | 10s
it  26 | mean 1.533 max 1.656 | 10s
it  27 | mean 1.559 max 1.659 | 11s
it  28 | mean 1.560 max 1.702 | 11s
it  29 | mean 1.556 max 1.618 | 12s
it  30 | mean 1.556 max 1.677 | 12s
it  31 | mean 1.471 max 1.572 | 12s
it  32 | mean 1.528 max 1.680 | 13s
it  33 | mean 1.551 max 1.679 | 13s
it  34 | mean 1.591 max 1.668 | 13s
it  35 | mean 1.634 max 1.678 | 14s
it  36 | mean 1.583 max 1.676 | 14s
it  37 | mean 1.568 max 1.674 | 14s
it  38 | mean 1.539 max 1.624 | 15s
it  39 | mean 1.535 max 1.629 | 15s
it  40 | mean 1.618 max 1.681 | 16s || held-out: done 100% lap 17.11 walls 1.5 *
it  41 | mean 1.613 max 1.690 | 16s
it  42 | mean 1.633 max 1.697 | 17s
it  43 | mean 1.560 max 1.682 | 17s
it  44 | mean 1.579 max 1.725 | 17s
it  45 | mean 1.635 max 1.684 | 18s
it  46 | mean 1.663 max 1.712 | 18s
it  47 | mean 1.627 max 1.717 | 18s
it  48 | mean 1.610 max 1.695 | 19s
it  49 | mean 1.669 max 1.739 | 19s
it  50 | mean 1.537 max 1.720 | 19s
it  51 | mean 1.465 max 1.685 | 20s
it  52 | mean 1.671 max 1.715 | 20s
it  53 | mean 1.611 max 1.695 | 20s
it  54 | mean 1.685 max 1.718 | 21s
it  55 | mean 1.552 max 1.712 | 21s
it  56 | mean 1.606 max 1.680 | 22s
it  57 | mean 1.674 max 1.716 | 22s
it  58 | mean 1.565 max 1.707 | 22s
it  59 | mean 1.640 max 1.687 | 23s
it  60 | mean 1.667 max 1.712 | 23s || held-out: done 100% lap 16.02 walls 5.5
it  61 | mean 1.524 max 1.695 | 24s
it  62 | mean 1.601 max 1.652 | 24s
it  63 | mean 1.369 max 1.577 | 25s
it  64 | mean 1.646 max 1.701 | 25s
it  65 | mean 1.622 max 1.704 | 25s
it  66 | mean 1.645 max 1.689 | 26s
it  67 | mean 1.657 max 1.710 | 26s
it  68 | mean 1.603 max 1.709 | 27s
it  69 | mean 1.642 max 1.687 | 27s
it  70 | mean 1.622 max 1.680 | 27s
it  71 | mean 1.663 max 1.714 | 28s
it  72 | mean 1.630 max 1.730 | 28s
it  73 | mean 1.674 max 1.720 | 28s
it  74 | mean 1.583 max 1.718 | 29s
it  75 | mean 1.502 max 1.688 | 29s
it  76 | mean 1.582 max 1.705 | 30s
it  77 | mean 1.649 max 1.707 | 30s
it  78 | mean 1.607 max 1.694 | 30s
it  79 | mean 1.585 max 1.650 | 31s
it  80 | mean 1.679 max 1.714 | 31s || held-out: done 100% lap 15.92 walls 6.8
it  81 | mean 1.606 max 1.701 | 32s
it  82 | mean 1.588 max 1.659 | 32s
it  83 | mean 1.591 max 1.706 | 32s
it  84 | mean 1.631 max 1.696 | 33s
it  85 | mean 1.552 max 1.638 | 33s
it  86 | mean 1.652 max 1.692 | 33s
it  87 | mean 1.670 max 1.721 | 34s
it  88 | mean 1.630 max 1.690 | 34s
it  89 | mean 1.646 max 1.715 | 35s
it  90 | mean 1.626 max 1.690 | 35s
it  91 | mean 1.583 max 1.652 | 35s
it  92 | mean 1.669 max 1.710 | 36s
it  93 | mean 1.575 max 1.700 | 36s
it  94 | mean 1.622 max 1.694 | 36s
it  95 | mean 1.674 max 1.699 | 37s
it  96 | mean 1.548 max 1.697 | 37s
it  97 | mean 1.642 max 1.729 | 37s
it  98 | mean 1.545 max 1.707 | 38s
it  99 | mean 1.637 max 1.717 | 38s
it 100 | mean 1.571 max 1.704 | 38s || held-out: done 100% lap 15.49 walls 6.0
it 101 | mean 1.581 max 1.652 | 39s
it 102 | mean 1.597 max 1.725 | 39s
it 103 | mean 1.505 max 1.675 | 39s
it 104 | mean 1.557 max 1.662 | 40s
it 105 | mean 1.669 max 1.700 | 40s
it 106 | mean 1.609 max 1.705 | 40s
it 107 | mean 1.603 max 1.696 | 41s
it 108 | mean 1.665 max 1.716 | 41s
it 109 | mean 1.677 max 1.718 | 42s
it 110 | mean 1.663 max 1.714 | 42s
it 111 | mean 1.701 max 1.729 | 42s
it 112 | mean 1.465 max 1.670 | 43s
it 113 | mean 1.622 max 1.688 | 43s
it 114 | mean 1.558 max 1.674 | 43s
it 115 | mean 1.699 max 1.747 | 43s
it 116 | mean 1.178 max 1.680 | 44s
it 117 | mean 1.533 max 1.710 | 44s
it 118 | mean 1.679 max 1.731 | 44s
it 119 | mean 1.682 max 1.735 | 45s
it 120 | mean 1.596 max 1.747 | 45s || held-out: done 100% lap 14.49 walls 7.4
it 121 | mean 1.684 max 1.748 | 45s
it 122 | mean 1.515 max 1.702 | 46s
it 123 | mean 1.549 max 1.725 | 46s
it 124 | mean 1.654 max 1.721 | 46s
it 125 | mean 1.650 max 1.718 | 46s
it 126 | mean 1.453 max 1.642 | 47s
it 127 | mean 1.631 max 1.721 | 47s
it 128 | mean 1.690 max 1.734 | 47s
it 129 | mean 1.551 max 1.727 | 48s
it 130 | mean 1.663 max 1.721 | 48s
it 131 | mean 1.671 max 1.712 | 48s
it 132 | mean 1.510 max 1.690 | 49s
it 133 | mean 1.513 max 1.666 | 49s
it 134 | mean 1.564 max 1.683 | 49s
it 135 | mean 1.590 max 1.717 | 50s
it 136 | mean 1.706 max 1.734 | 50s
it 137 | mean 1.593 max 1.694 | 50s
it 138 | mean 1.527 max 1.640 | 51s
it 139 | mean 1.579 max 1.707 | 51s
it 140 | mean 1.572 max 1.707 | 51s || held-out: done 100% lap 14.96 walls 5.5 *
it 141 | mean 1.625 max 1.717 | 52s
it 142 | mean 1.672 max 1.708 | 52s
it 143 | mean 1.688 max 1.723 | 52s
it 144 | mean 1.515 max 1.637 | 53s
it 145 | mean 1.604 max 1.700 | 53s
it 146 | mean 1.565 max 1.686 | 53s
it 147 | mean 1.627 max 1.693 | 54s
it 148 | mean 1.683 max 1.731 | 54s
it 149 | mean 1.619 max 1.693 | 55s
it 150 | mean 1.670 max 1.712 | 55s
it 151 | mean 1.656 max 1.701 | 55s
it 152 | mean 1.654 max 1.708 | 56s
it 153 | mean 1.633 max 1.713 | 56s
it 154 | mean 1.675 max 1.699 | 56s
it 155 | mean 1.622 max 1.708 | 57s
it 156 | mean 1.627 max 1.716 | 57s
it 157 | mean 1.618 max 1.716 | 57s
it 158 | mean 1.607 max 1.711 | 58s
it 159 | mean 1.677 max 1.706 | 58s
it 160 | mean 1.696 max 1.728 | 58s || held-out: done 100% lap 14.44 walls 3.4 *
it 161 | mean 1.584 max 1.709 | 59s
it 162 | mean 1.657 max 1.720 | 59s
it 163 | mean 1.600 max 1.695 | 59s
it 164 | mean 1.670 max 1.704 | 60s
it 165 | mean 1.687 max 1.732 | 60s
it 166 | mean 1.545 max 1.666 | 60s
it 167 | mean 1.676 max 1.715 | 61s
it 168 | mean 1.658 max 1.715 | 61s
it 169 | mean 1.642 max 1.727 | 61s
it 170 | mean 1.674 max 1.713 | 62s
it 171 | mean 1.699 max 1.730 | 62s
it 172 | mean 1.672 max 1.722 | 62s
it 173 | mean 1.514 max 1.629 | 63s
it 174 | mean 1.675 max 1.720 | 63s
it 175 | mean 1.647 max 1.706 | 63s
it 176 | mean 1.581 max 1.670 | 64s
it 177 | mean 1.470 max 1.719 | 64s
it 178 | mean 1.596 max 1.734 | 64s
it 179 | mean 1.476 max 1.722 | 65s
it 180 | mean 1.678 max 1.718 | 65s || held-out: done 100% lap 14.51 walls 4.0
it 181 | mean 1.688 max 1.716 | 65s
it 182 | mean 1.680 max 1.718 | 65s
it 183 | mean 1.690 max 1.721 | 66s
it 184 | mean 1.695 max 1.734 | 66s
it 185 | mean 1.463 max 1.633 | 66s
it 186 | mean 1.498 max 1.698 | 67s
it 187 | mean 1.572 max 1.730 | 67s
it 188 | mean 1.573 max 1.711 | 67s
it 189 | mean 1.628 max 1.726 | 68s
it 190 | mean 1.624 max 1.735 | 68s
it 191 | mean 1.469 max 1.666 | 68s
it 192 | mean 1.580 max 1.716 | 69s
it 193 | mean 1.637 max 1.708 | 69s
it 194 | mean 1.577 max 1.711 | 69s
it 195 | mean 1.682 max 1.712 | 70s
it 196 | mean 1.460 max 1.660 | 70s
it 197 | mean 1.430 max 1.675 | 71s
it 198 | mean 1.671 max 1.709 | 71s
it 199 | mean 1.692 max 1.728 | 71s
it 200 | mean 1.581 max 1.729 | 72s || held-out: done 100% lap 14.47 walls 2.8 *
[pace-c-s1] best held-out {"iteration":200,"completed":1,"lap":14.470833333333335,"walls":2.75,"score":1.6537741495722353}
